Enter password: *******
Welcome to the MySQL monitor.  Commands end with ; or \g.
Your MySQL connection id is 1
Server version: 5.0.45-community-nt MySQL Community Edition (GPL)

Type 'help;' or '\h' for help. Type '\c' to clear the buffer.

mysql> show databases;
+--------------------+
| Database           |
+--------------------+
| information_schema |
| adc_assignment     |
| d                  |
| db1                |
| demo               |
| food               |
| hotel              |
| login              |
| msc2020            |
| mysql              |
| stu                |
| test               |
+--------------------+
12 rows in set (0.29 sec)

mysql> use d;
Database changed
mysql> show tables;
Empty set (0.00 sec)

mysql> create table student(a int primary key,b char(20) primary key ,d int);
ERROR 1068 (42000): Multiple primary key defined
mysql> create table  machine(mid int primary key,name varchar(30) not null, type check in('drilling','milling','lathe'),price float check(price>0),cost float check(cost<price));
ERROR 1064 (42000): You have an error in your SQL syntax; check the manual that corresponds to your MySQL server version for the right syntax to use near 'check in('drilling','milling','lathe'),price float check(price>0),cost float che' at line 1
mysql> create table  machine(mid int primary key,name varchar(30) not null, type check type in('drilling','milling','lathe'),price float check(price>0),cost float check(cost<price));
ERROR 1064 (42000): You have an error in your SQL syntax; check the manual that corresponds to your MySQL server version for the right syntax to use near 'check type in('drilling','milling','lathe'),price float check(price>0),cost floa' at line 1
mysql> create table  machine(mid int primary key,name varchar(30) not null, type  vharchar(30)check type in('drilling','milling','lathe'),price float check(price>0),cost float check(cost<price));
ERROR 1064 (42000): You have an error in your SQL syntax; check the manual that corresponds to your MySQL server version for the right syntax to use near 'vharchar(30)check type in('drilling','milling','lathe'),price float check(price>' at line 1
mysql> create table  machine(mid int primary key,name varchar(30) not null, type  varchar(30)check type in('drilling','milling','lathe'),price float check(price>0),cost float check(cost<price));
Query OK, 0 rows affected (0.42 sec)

mysql> insert into machine values(1,'abc','drilling',500,300);
Query OK, 1 row affected (0.09 sec)

mysql> insert into machine values(2,'abc','drilling',300,500);
Query OK, 1 row affected (0.05 sec)

mysql> insert into machine values(2,'abc','drilling',0,500);
ERROR 1062 (23000): Duplicate entry '2' for key 1
mysql> insert into machine values(3,'abc','drilling',0,500);
Query OK, 1 row affected (0.32 sec)

mysql> create table  machine(mid int primary key,name varchar(30) not null, type  varchar(30)check type in('drilling','milling','lathe'),price float check price(price>0),cost float check(cost<price));
ERROR 1050 (42S01): Table 'machine' already exists
mysql> create table  machine1(mid int primary key,name varchar(30) not null, type  varchar(30)check type in('drilling','milling','lathe'),price float check price(price>0),cost float check(cost<price));
Query OK, 0 rows affected (0.10 sec)

mysql> insert into machine values(3,'abc','drilling',0,500);
ERROR 1062 (23000): Duplicate entry '3' for key 1
mysql> insert into machine1 values(3,'abc','drilling',0,500);
Query OK, 1 row affected (0.04 sec)

mysql>