Enter password: *******
Welcome to the MySQL monitor.  Commands end with ; or \g.
Your MySQL connection id is 1
Server version: 5.0.45-community-nt MySQL Community Edition (GPL)

Type 'help;' or '\h' for help. Type '\c' to clear the buffer.

mysql> use db;
ERROR 1049 (42000): Unknown database 'db'
mysql> use db1;
Database changed
mysql> show table;
ERROR 1064 (42000): You have an error in your SQL syntax; check the manual that corresponds to your MySQL server version for the right syntax to use near '' at line 1
mysql> show tables;
+---------------+
| Tables_in_db1 |
+---------------+
| customer      |
| customer1     |
| product       |
| student       |
| teacher       |
+---------------+
5 rows in set (0.08 sec)

mysql> create table dept(did int primary key,dname varchar(20) not null);
Query OK, 0 rows affected (0.35 sec)

mysql> create table emp(eno int primary key,enm varchar(20) not null,did int, foreign key references dept(did));
ERROR 1064 (42000): You have an error in your SQL syntax; check the manual that corresponds to your MySQL server version for the right syntax to use near 'references dept(did))' at line 1
mysql> create table emp(eno int primary key,enm varchar(20) not null,did int, foreign key(did) references dept(did));
Query OK, 0 rows affected (0.21 se